mode: set
calculator-app/backend/cmd/server/main.go:12.13,14.16 2 0
calculator-app/backend/cmd/server/main.go:14.16,14.33 1 0
calculator-app/backend/cmd/server/main.go:15.2,17.83 3 0
calculator-app/backend/cmd/server/main.go:17.83,17.101 1 0
calculator-app/backend/internal/domain/calculation/calculation.go:13.91,14.19 1 1
calculator-app/backend/internal/domain/calculation/calculation.go:15.61,15.61 0 1
calculator-app/backend/internal/domain/calculation/calculation.go:16.10,17.44 1 1
calculator-app/backend/internal/domain/calculation/calculation.go:19.2,19.54 1 1
calculator-app/backend/internal/domain/calculation/calculation.go:19.54,21.3 1 1
calculator-app/backend/internal/domain/calculation/calculation.go:22.2,22.39 1 1
calculator-app/backend/internal/domain/calculation/calculation.go:22.39,24.3 1 1
calculator-app/backend/internal/domain/calculation/calculation.go:25.2,25.47 1 1
calculator-app/backend/internal/domain/calculation/calculation.go:25.47,27.3 1 1
calculator-app/backend/internal/domain/calculation/calculation.go:28.2,28.48 1 1
calculator-app/backend/internal/domain/calculation/calculation.go:28.48,30.3 1 1
calculator-app/backend/internal/domain/calculation/calculation.go:31.2,31.43 1 1
calculator-app/backend/internal/domain/calculation/calculation.go:31.43,33.3 1 1
calculator-app/backend/internal/domain/calculation/calculation.go:34.2,34.24 1 1
calculator-app/backend/internal/domain/calculation/calculation.go:34.24,35.46 1 1
calculator-app/backend/internal/domain/calculation/calculation.go:35.46,37.4 1 1
calculator-app/backend/internal/domain/calculation/calculation.go:38.3,38.45 1 1
calculator-app/backend/internal/domain/calculation/calculation.go:38.45,40.4 1 1
calculator-app/backend/internal/domain/calculation/calculation.go:42.2,42.73 1 1
calculator-app/backend/internal/domain/calculation/calculation.go:45.58,48.30 3 1
calculator-app/backend/internal/domain/calculation/calculation.go:48.30,50.32 2 1
calculator-app/backend/internal/domain/calculation/calculation.go:51.12,52.25 1 1
calculator-app/backend/internal/domain/calculation/calculation.go:53.17,54.25 1 1
calculator-app/backend/internal/domain/calculation/calculation.go:55.17,56.25 1 1
calculator-app/backend/internal/domain/calculation/calculation.go:57.15,58.25 1 1
calculator-app/backend/internal/domain/calculation/calculation.go:59.14,60.34 1 1
calculator-app/backend/internal/domain/calculation/calculation.go:61.16,62.33 1 1
calculator-app/backend/internal/domain/calculation/calculation.go:64.8,66.3 1 1
calculator-app/backend/internal/domain/calculation/calculation.go:67.2,67.49 1 1
calculator-app/backend/internal/domain/calculation/calculation.go:67.49,69.3 1 1
calculator-app/backend/internal/domain/calculation/calculation.go:70.2,70.26 1 1
calculator-app/backend/internal/domain/calculation/number.go:11.47,12.47 1 1
calculator-app/backend/internal/domain/calculation/number.go:12.47,14.3 1 1
calculator-app/backend/internal/domain/calculation/number.go:15.2,15.34 1 1
calculator-app/backend/internal/domain/calculation/number.go:18.38,20.2 1 1
calculator-app/backend/internal/domain/calculation/operation.go:17.54,19.19 2 1
calculator-app/backend/internal/domain/calculation/operation.go:20.61,21.24 1 1
calculator-app/backend/internal/domain/calculation/operation.go:22.10,23.62 1 1
calculator-app/backend/internal/domain/calculation/operation.go:27.56,29.2 1 1
calculator-app/backend/internal/application/calculation/service.go:26.28,26.49 1 1
calculator-app/backend/internal/application/calculation/service.go:28.89,29.9 1 1
calculator-app/backend/internal/application/calculation/service.go:30.20,31.29 1 1
calculator-app/backend/internal/application/calculation/service.go:32.10,32.10 0 1
calculator-app/backend/internal/application/calculation/service.go:34.2,35.16 2 1
calculator-app/backend/internal/application/calculation/service.go:35.16,35.56 1 1
calculator-app/backend/internal/application/calculation/service.go:36.2,37.16 2 1
calculator-app/backend/internal/application/calculation/service.go:37.16,37.56 1 0
calculator-app/backend/internal/application/calculation/service.go:38.2,39.22 2 1
calculator-app/backend/internal/application/calculation/service.go:39.22,41.23 2 1
calculator-app/backend/internal/application/calculation/service.go:41.23,41.69 1 0
calculator-app/backend/internal/application/calculation/service.go:42.3,42.17 1 1
calculator-app/backend/internal/application/calculation/service.go:44.2,45.16 2 1
calculator-app/backend/internal/application/calculation/service.go:45.16,46.94 1 1
calculator-app/backend/internal/application/calculation/service.go:46.94,46.134 1 1
calculator-app/backend/internal/application/calculation/service.go:47.3,47.23 1 1
calculator-app/backend/internal/application/calculation/service.go:49.2,50.16 2 1
calculator-app/backend/internal/application/calculation/service.go:50.16,50.40 1 0
calculator-app/backend/internal/application/calculation/service.go:51.2,51.72 1 1
calculator-app/backend/internal/application/calculation/service.go:54.38,54.93 1 1
calculator-app/backend/internal/interfaces/httpapi/handler.go:45.63,53.2 7 1
calculator-app/backend/internal/interfaces/httpapi/handler.go:55.72,57.2 1 1
calculator-app/backend/internal/interfaces/httpapi/handler.go:59.73,63.2 3 1
calculator-app/backend/internal/interfaces/httpapi/handler.go:65.70,69.2 3 1
calculator-app/backend/internal/interfaces/httpapi/handler.go:71.75,73.95 2 1
calculator-app/backend/internal/interfaces/httpapi/handler.go:73.95,76.3 2 1
calculator-app/backend/internal/interfaces/httpapi/handler.go:77.2,80.49 4 1
calculator-app/backend/internal/interfaces/httpapi/handler.go:80.49,82.29 2 1
calculator-app/backend/internal/interfaces/httpapi/handler.go:82.29,82.69 1 1
calculator-app/backend/internal/interfaces/httpapi/handler.go:83.3,84.9 2 1
calculator-app/backend/internal/interfaces/httpapi/handler.go:86.2,87.50 2 1
calculator-app/backend/internal/interfaces/httpapi/handler.go:87.50,90.3 2 1
calculator-app/backend/internal/interfaces/httpapi/handler.go:91.2,92.16 2 1
calculator-app/backend/internal/interfaces/httpapi/handler.go:92.16,92.96 2 1
calculator-app/backend/internal/interfaces/httpapi/handler.go:93.2,94.16 2 1
calculator-app/backend/internal/interfaces/httpapi/handler.go:94.16,94.96 2 0
calculator-app/backend/internal/interfaces/httpapi/handler.go:95.2,96.16 2 1
calculator-app/backend/internal/interfaces/httpapi/handler.go:96.16,98.55 2 1
calculator-app/backend/internal/interfaces/httpapi/handler.go:98.55,100.4 1 1
calculator-app/backend/internal/interfaces/httpapi/handler.go:101.3,102.9 2 1
calculator-app/backend/internal/interfaces/httpapi/handler.go:104.2,104.101 1 1
calculator-app/backend/internal/interfaces/httpapi/handler.go:107.70,108.44 1 1
calculator-app/backend/internal/interfaces/httpapi/handler.go:108.44,108.93 1 1
calculator-app/backend/internal/interfaces/httpapi/handler.go:109.2,110.52 2 1
calculator-app/backend/internal/interfaces/httpapi/handler.go:110.52,110.106 1 1
calculator-app/backend/internal/interfaces/httpapi/handler.go:111.2,111.20 1 1
calculator-app/backend/internal/interfaces/httpapi/handler.go:114.78,115.44 1 1
calculator-app/backend/internal/interfaces/httpapi/handler.go:115.44,115.63 1 1
calculator-app/backend/internal/interfaces/httpapi/handler.go:116.2,116.31 1 1
calculator-app/backend/internal/interfaces/httpapi/handler.go:119.38,120.119 1 1
calculator-app/backend/internal/interfaces/httpapi/handler.go:120.119,120.137 1 1
calculator-app/backend/internal/interfaces/httpapi/handler.go:121.2,121.20 1 1
calculator-app/backend/internal/interfaces/httpapi/handler.go:124.74,128.2 3 1
calculator-app/backend/internal/interfaces/httpapi/handler.go:130.62,134.2 3 1
calculator-app/backend/internal/interfaces/httpapi/handler.go:136.43,137.71 1 1
calculator-app/backend/internal/interfaces/httpapi/handler.go:137.71,141.37 4 1
calculator-app/backend/internal/interfaces/httpapi/handler.go:141.37,141.84 2 1
calculator-app/backend/internal/interfaces/httpapi/handler.go:142.3,142.23 1 1
